Most frequent words in the activity fields:
	124	a
	53	your
	44	to
	32	learn
	31	with
	20	friends
	20	you
	17	go
	16	some
	15	the
