Expected two arguments when MODE is set to random
But got 3 arguments
Usage: java CS1003Bored CACHEDIR MODE [VALUE]
