Found an activity of type education
Number of participants needed: 1
Description: Learn a new programming language
