Expected a third argument when MODE is set to type
But got 2 arguments
Usage: java CS1003Bored CACHEDIR MODE [VALUE]
