Found an activity of type social
Number of participants needed: 4
Description: Have a photo session with some friends
