Found an activity of type social
Number of participants needed: 8
Description: Have a football scrimmage with some friends
