Found an activity of type social
Number of participants needed: 1
Description: Write a thank you letter to an influential person in your life
