Cache directory does not exist: no_such_cachedir
Usage: java CS1003Bored CACHEDIR MODE [VALUE]
